========================================================================
BF-SAC ICTAI 对比实验
  mode: main
  场景: YTDJ
  方法: BF-SAC-MLP
  seeds: [404]
  预算: 100 次 SUMO / 方法 / seed
========================================================================

========================================================================
  Scene: YTDJ
========================================================================
  [BF-SAC-MLP s=404] running …
       [BF-SAC-MLP] n_init=40 seed=404 …

================================================================
  BF-SAC (sequential LCB): YTDJ  surrogate=mlp
  Budget=100  (init LHS=40, sequential=60)  run_seed=404
  LCB kappa=2.0→0.5 (anneal)  MLP m=10 subset=40 sigma_calib=1.2 warm_start=True
================================================================
[1/3] Extracting real behavioral fingerprint …
       v_mean         = 6.6646
       v_p15          = 2.6778
       v_p85          = 10.9972
       a_pos_mean     = 1.5039
       a_neg_mean     = 1.3995
       a_p05          = -2.2900
       a_p95          = 2.2900
       stop_frac      = 0.0135
[2/3] Phase A: 40 LHS initial runs …
 Retrying in 1 seconds
 Retrying in 1 seconds
 Retrying in 1 seconds
 Retrying in 1 seconds
 Retrying in 1 seconds
 Retrying in 1 seconds
 Retrying in 1 seconds
 Retrying in 1 seconds
 Retrying in 1 seconds
 Retrying in 1 seconds
        10/40  best=0.4298  elapsed=40s  ETA=119s
 Retrying in 1 seconds
 Retrying in 1 seconds
 Retrying in 1 seconds
 Retrying in 1 seconds
 Retrying in 1 seconds
 Retrying in 1 seconds
 Retrying in 1 seconds
 Retrying in 1 seconds
 Retrying in 1 seconds
 Retrying in 1 seconds
        20/40  best=0.2350  elapsed=74s  ETA=74s
 Retrying in 1 seconds
 Retrying in 1 seconds
 Retrying in 1 seconds
 Retrying in 1 seconds
 Retrying in 1 seconds
 Retrying in 1 seconds
 Retrying in 1 seconds
 Retrying in 1 seconds
 Retrying in 1 seconds
 Retrying in 1 seconds
        30/40  best=0.2350  elapsed=112s  ETA=37s
 Retrying in 1 seconds
 Retrying in 1 seconds
 Retrying in 1 seconds
 Retrying in 1 seconds
 Retrying in 1 seconds
 Retrying in 1 seconds
 Retrying in 1 seconds
 Retrying in 1 seconds
 Retrying in 1 seconds
 Retrying in 1 seconds
        40/40  best=0.1858  elapsed=152s  ETA=0s
[3/3] Phase B: 60 sequential LCB acquisitions …
 Retrying in 1 seconds
 Retrying in 1 seconds
 Retrying in 1 seconds
 Retrying in 1 seconds
 Retrying in 1 seconds
       seq  5/60  err=0.2029  best=0.1858  R2=0.971
 Retrying in 1 seconds
 Retrying in 1 seconds
 Retrying in 1 seconds
 Retrying in 1 seconds
 Retrying in 1 seconds
       seq 10/60  err=0.2365  best=0.1640  R2=0.954
 Retrying in 1 seconds
 Retrying in 1 seconds
 Retrying in 1 seconds
 Retrying in 1 seconds
 Retrying in 1 seconds
       seq 15/60  err=0.4854  best=0.1640  R2=0.964
 Retrying in 1 seconds
 Retrying in 1 seconds
 Retrying in 1 seconds
 Retrying in 1 seconds
 Retrying in 1 seconds
       seq 20/60  err=0.4462  best=0.1640  R2=0.909
 Retrying in 1 seconds
 Retrying in 1 seconds
 Retrying in 1 seconds
 Retrying in 1 seconds
 Retrying in 1 seconds
       seq 25/60  err=0.5085  best=0.1640  R2=0.934
 Retrying in 1 seconds
 Retrying in 1 seconds
 Retrying in 1 seconds
 Retrying in 1 seconds
 Retrying in 1 seconds
       seq 30/60  err=0.2907  best=0.1640  R2=0.911
 Retrying in 1 seconds
 Retrying in 1 seconds
 Retrying in 1 seconds
 Retrying in 1 seconds
 Retrying in 1 seconds
       seq 35/60  err=0.2292  best=0.1640  R2=0.923
 Retrying in 1 seconds
 Retrying in 1 seconds
 Retrying in 1 seconds
 Retrying in 1 seconds
 Retrying in 1 seconds
       seq 40/60  err=0.2097  best=0.1640  R2=0.917
 Retrying in 1 seconds
 Retrying in 1 seconds
 Retrying in 1 seconds
 Retrying in 1 seconds
 Retrying in 1 seconds
       seq 45/60  err=0.2805  best=0.1640  R2=0.925
 Retrying in 1 seconds
 Retrying in 1 seconds
 Retrying in 1 seconds
 Retrying in 1 seconds
 Retrying in 1 seconds
       seq 50/60  err=0.1625  best=0.1625  R2=0.909
 Retrying in 1 seconds
 Retrying in 1 seconds
 Retrying in 1 seconds
 Retrying in 1 seconds
 Retrying in 1 seconds
       seq 55/60  err=0.1869  best=0.1605  R2=0.926
 Retrying in 1 seconds
 Retrying in 1 seconds
 Retrying in 1 seconds
 Retrying in 1 seconds
 Retrying in 1 seconds
       seq 60/60  err=0.1557  best=0.1548  R2=0.910
  Saved MLP ensemble: /Users/shuohe/Desktop/Codes/bf-sac-calibration/data/processed_data/calibration/mlp_models/YTDJ_mlp_h64-64_m10.joblib

  Calibrated params:
       accel          = 3.5000
       decel          = 2.6105
       sigma          = 0.9000
       tau            = 0.5000
       minGap         = 3.5328
       speedFactor    = 0.6037
       lcStrategic    = 1.1919
       lcCooperative  = 0.3500
       lcAssertive    = 1.7235
       lcSpeedGain    = 0.7227
  Feature error: 0.1548  (init best=0.1858)
  Total SUMO runs: 100  |  sequential improved: True
  [BF-SAC-MLP s=404] done in 821s
       BF-SAC-MLP                        err@100=0.1548  sims=100  seed=404

Saved: /Users/shuohe/Desktop/Codes/bf-sac-calibration/outputs/results/comparison_summary.csv (78 rows)
Saved: /Users/shuohe/Desktop/Codes/bf-sac-calibration/outputs/results/comparison_convergence.csv (7800 rows)
Multiseed: comparison_per_run.csv, comparison_multiseed_stats.csv, comparison_multiseed_global.csv
