========================================================================
BF-SAC ICTAI 对比实验
  mode: main
  场景: Changchun
  方法: BF-SAC-RF
  seeds: [42]
  预算: 100 次 SUMO / 方法 / seed
========================================================================

========================================================================
  Scene: Changchun
========================================================================
  [BF-SAC-RF s=42] running …
       [BF-SAC-RF] n_init=40 seed=42 …

================================================================
  BF-SAC (sequential LCB): Changchun  surrogate=rf
  Budget=100  (init LHS=40, sequential=60)  run_seed=42
  LCB kappa=2.0→0.5 (anneal)
================================================================
[1/3] Extracting real behavioral fingerprint …
       v_mean         = 3.7430
       v_p15          = 0.0176
       v_p85          = 8.5882
       a_pos_mean     = 1.0685
       a_neg_mean     = 0.8897
       a_p05          = -1.3717
       a_p95          = 1.6631
       stop_frac      = 0.4123
[2/3] Phase A: 40 LHS initial runs …
 Retrying in 1 seconds
 Retrying in 1 seconds
 Retrying in 1 seconds
 Retrying in 1 seconds
 Retrying in 1 seconds
 Retrying in 1 seconds
 Retrying in 1 seconds
 Retrying in 1 seconds
 Retrying in 1 seconds
 Retrying in 1 seconds
        10/40  best=0.2537  elapsed=42s  ETA=127s
 Retrying in 1 seconds
 Retrying in 1 seconds
 Retrying in 1 seconds
 Retrying in 1 seconds
 Retrying in 1 seconds
 Retrying in 1 seconds
 Retrying in 1 seconds
 Retrying in 1 seconds
 Retrying in 1 seconds
 Retrying in 1 seconds
        20/40  best=0.2537  elapsed=82s  ETA=82s
 Retrying in 1 seconds
 Retrying in 1 seconds
 Retrying in 1 seconds
 Retrying in 1 seconds
 Retrying in 1 seconds
 Retrying in 1 seconds
 Retrying in 1 seconds
 Retrying in 1 seconds
 Retrying in 1 seconds
 Retrying in 1 seconds
        30/40  best=0.2537  elapsed=127s  ETA=42s
 Retrying in 1 seconds
 Retrying in 1 seconds
 Retrying in 1 seconds
 Retrying in 1 seconds
 Retrying in 1 seconds
 Retrying in 1 seconds
 Retrying in 1 seconds
 Retrying in 1 seconds
 Retrying in 1 seconds
 Retrying in 1 seconds
        40/40  best=0.2185  elapsed=166s  ETA=0s
[3/3] Phase B: 60 sequential LCB acquisitions …
 Retrying in 1 seconds
 Retrying in 1 seconds
 Retrying in 1 seconds
 Retrying in 1 seconds
 Retrying in 1 seconds
       seq  5/60  err=0.3489  best=0.2185  R2=0.955
 Retrying in 1 seconds
 Retrying in 1 seconds
 Retrying in 1 seconds
 Retrying in 1 seconds
 Retrying in 1 seconds
       seq 10/60  err=0.2401  best=0.2185  R2=0.967
 Retrying in 1 seconds
 Retrying in 1 seconds
 Retrying in 1 seconds
 Retrying in 1 seconds
 Retrying in 1 seconds
       seq 15/60  err=0.4096  best=0.2185  R2=0.981
 Retrying in 1 seconds
 Retrying in 1 seconds
 Retrying in 1 seconds
 Retrying in 1 seconds
 Retrying in 1 seconds
       seq 20/60  err=0.2549  best=0.2185  R2=0.978
 Retrying in 1 seconds
 Retrying in 1 seconds
 Retrying in 1 seconds
 Retrying in 1 seconds
 Retrying in 1 seconds
       seq 25/60  err=0.3256  best=0.2185  R2=0.982
 Retrying in 1 seconds
 Retrying in 1 seconds
 Retrying in 1 seconds
 Retrying in 1 seconds
 Retrying in 1 seconds
       seq 30/60  err=0.2309  best=0.2185  R2=0.987
 Retrying in 1 seconds
 Retrying in 1 seconds
 Retrying in 1 seconds
 Retrying in 1 seconds
 Retrying in 1 seconds
       seq 35/60  err=0.3219  best=0.2185  R2=0.988
 Retrying in 1 seconds
 Retrying in 1 seconds
 Retrying in 1 seconds
 Retrying in 1 seconds
 Retrying in 1 seconds
       seq 40/60  err=0.2296  best=0.2185  R2=0.990
 Retrying in 1 seconds
 Retrying in 1 seconds
 Retrying in 1 seconds
 Retrying in 1 seconds
 Retrying in 1 seconds
       seq 45/60  err=0.2184  best=0.2151  R2=0.990
 Retrying in 1 seconds
 Retrying in 1 seconds
 Retrying in 1 seconds
 Retrying in 1 seconds
 Retrying in 1 seconds
       seq 50/60  err=0.2417  best=0.2054  R2=0.991
 Retrying in 1 seconds
 Retrying in 1 seconds
 Retrying in 1 seconds
 Retrying in 1 seconds
 Retrying in 1 seconds
       seq 55/60  err=0.2429  best=0.2054  R2=0.991
 Retrying in 1 seconds
 Retrying in 1 seconds
 Retrying in 1 seconds
 Retrying in 1 seconds
 Retrying in 1 seconds
       seq 60/60  err=0.2421  best=0.1924  R2=0.992

  Calibrated params:
       accel          = 2.3500
       decel          = 4.3898
       sigma          = 0.7174
       tau            = 0.8712
       minGap         = 3.6638
       speedFactor    = 0.5660
       lcStrategic    = 1.2776
       lcCooperative  = 1.3523
       lcAssertive    = 2.7414
       lcSpeedGain    = 0.8924
  Feature error: 0.1924  (init best=0.2185)
  Total SUMO runs: 100  |  sequential improved: True
  [BF-SAC-RF s=42] done in 394s
       BF-SAC-RF                         err@100=0.1924  sims=100  seed=42

Saved: /Users/shuohe/Desktop/Codes/bf-sac-calibration/outputs/results/comparison_summary.csv (23 rows)
Saved: /Users/shuohe/Desktop/Codes/bf-sac-calibration/outputs/results/comparison_convergence.csv (2300 rows)
Multiseed: comparison_per_run.csv, comparison_multiseed_stats.csv, comparison_multiseed_global.csv
