========================================================================
BF-SAC ICTAI 对比实验
  mode: main
  场景: Xian
  方法: BF-SAC-MLP
  seeds: [202]
  预算: 100 次 SUMO / 方法 / seed
========================================================================

========================================================================
  Scene: Xian
========================================================================
  [BF-SAC-MLP s=202] running …
       [BF-SAC-MLP] n_init=40 seed=202 …

================================================================
  BF-SAC (sequential LCB): Xian  surrogate=mlp
  Budget=100  (init LHS=40, sequential=60)  run_seed=202
  LCB kappa=2.0→0.5 (anneal)  MLP m=10 subset=40 sigma_calib=1.2 warm_start=True
================================================================
[1/3] Extracting real behavioral fingerprint …
       v_mean         = 3.8522
       v_p15          = 0.0254
       v_p85          = 8.8662
       a_pos_mean     = 0.7103
       a_neg_mean     = 0.8046
       a_p05          = -1.1830
       a_p95          = 1.1834
       stop_frac      = 0.4465
[2/3] Phase A: 40 LHS initial runs …
 Retrying in 1 seconds
 Retrying in 1 seconds
 Retrying in 1 seconds
 Retrying in 1 seconds
 Retrying in 1 seconds
 Retrying in 1 seconds
 Retrying in 1 seconds
 Retrying in 1 seconds
 Retrying in 1 seconds
 Retrying in 1 seconds
        10/40  best=0.5033  elapsed=27s  ETA=80s
 Retrying in 1 seconds
 Retrying in 1 seconds
 Retrying in 1 seconds
 Retrying in 1 seconds
 Retrying in 1 seconds
 Retrying in 1 seconds
 Retrying in 1 seconds
 Retrying in 1 seconds
 Retrying in 1 seconds
 Retrying in 1 seconds
        20/40  best=0.5033  elapsed=52s  ETA=52s
 Retrying in 1 seconds
 Retrying in 1 seconds
 Retrying in 1 seconds
 Retrying in 1 seconds
 Retrying in 1 seconds
 Retrying in 1 seconds
 Retrying in 1 seconds
 Retrying in 1 seconds
 Retrying in 1 seconds
 Retrying in 1 seconds
        30/40  best=0.4683  elapsed=78s  ETA=26s
 Retrying in 1 seconds
 Retrying in 1 seconds
 Retrying in 1 seconds
 Retrying in 1 seconds
 Retrying in 1 seconds
 Retrying in 1 seconds
 Retrying in 1 seconds
 Retrying in 1 seconds
 Retrying in 1 seconds
 Retrying in 1 seconds
        40/40  best=0.4683  elapsed=106s  ETA=0s
[3/3] Phase B: 60 sequential LCB acquisitions …
 Retrying in 1 seconds
 Retrying in 1 seconds
 Retrying in 1 seconds
 Retrying in 1 seconds
 Retrying in 1 seconds
       seq  5/60  err=0.4982  best=0.4683  R2=0.816
 Retrying in 1 seconds
 Retrying in 1 seconds
 Retrying in 1 seconds
 Retrying in 1 seconds
 Retrying in 1 seconds
       seq 10/60  err=0.5159  best=0.4526  R2=0.828
 Retrying in 1 seconds
 Retrying in 1 seconds
 Retrying in 1 seconds
 Retrying in 1 seconds
 Retrying in 1 seconds
       seq 15/60  err=0.4997  best=0.4522  R2=0.625
 Retrying in 1 seconds
 Retrying in 1 seconds
 Retrying in 1 seconds
 Retrying in 1 seconds
 Retrying in 1 seconds
       seq 20/60  err=0.5691  best=0.4522  R2=0.770
 Retrying in 1 seconds
 Retrying in 1 seconds
 Retrying in 1 seconds
 Retrying in 1 seconds
 Retrying in 1 seconds
       seq 25/60  err=0.5223  best=0.4522  R2=0.747
 Retrying in 1 seconds
 Retrying in 1 seconds
 Retrying in 1 seconds
 Retrying in 1 seconds
 Retrying in 1 seconds
       seq 30/60  err=0.4537  best=0.4410  R2=0.557
 Retrying in 1 seconds
 Retrying in 1 seconds
 Retrying in 1 seconds
 Retrying in 1 seconds
 Retrying in 1 seconds
       seq 35/60  err=0.5089  best=0.4410  R2=0.630
 Retrying in 1 seconds
 Retrying in 1 seconds
 Retrying in 1 seconds
 Retrying in 1 seconds
 Retrying in 1 seconds
       seq 40/60  err=0.4426  best=0.4410  R2=0.592
 Retrying in 1 seconds
 Retrying in 1 seconds
 Retrying in 1 seconds
 Retrying in 1 seconds
 Retrying in 1 seconds
       seq 45/60  err=0.8926  best=0.4410  R2=0.476
 Retrying in 1 seconds
 Retrying in 1 seconds
 Retrying in 1 seconds
 Retrying in 1 seconds
 Retrying in 1 seconds
       seq 50/60  err=0.6280  best=0.4410  R2=0.427
 Retrying in 1 seconds
 Retrying in 1 seconds
 Retrying in 1 seconds
 Retrying in 1 seconds
 Retrying in 1 seconds
       seq 55/60  err=0.5448  best=0.4410  R2=0.272
 Retrying in 1 seconds
 Retrying in 1 seconds
 Retrying in 1 seconds
 Retrying in 1 seconds
 Retrying in 1 seconds
       seq 60/60  err=0.8820  best=0.4334  R2=0.331
  Saved MLP ensemble: /Users/shuohe/Desktop/Codes/bf-sac-calibration/data/processed_data/calibration/mlp_models/Xian_mlp_h64-64_m10.joblib

  Calibrated params:
       accel          = 2.1210
       decel          = 2.0000
       sigma          = 0.1000
       tau            = 1.4236
       minGap         = 2.9426
       speedFactor    = 0.6200
       lcStrategic    = 2.8000
       lcCooperative  = 0.7153
       lcAssertive    = 2.0105
       lcSpeedGain    = 0.6240
  Feature error: 0.4334  (init best=0.4683)
  Total SUMO runs: 100  |  sequential improved: True
  [BF-SAC-MLP s=202] done in 1077s
       BF-SAC-MLP                        err@100=0.4334  sims=100  seed=202

Saved: /Users/shuohe/Desktop/Codes/bf-sac-calibration/outputs/results/comparison_summary.csv (64 rows)
Saved: /Users/shuohe/Desktop/Codes/bf-sac-calibration/outputs/results/comparison_convergence.csv (6400 rows)
Multiseed: comparison_per_run.csv, comparison_multiseed_stats.csv, comparison_multiseed_global.csv
