========================================================================
BF-SAC ICTAI 对比实验
  mode: main
  场景: Changchun
  方法: BF-SAC-MLP
  seeds: [303]
  预算: 100 次 SUMO / 方法 / seed
========================================================================

========================================================================
  Scene: Changchun
========================================================================
  [BF-SAC-MLP s=303] running …
       [BF-SAC-MLP] n_init=40 seed=303 …

================================================================
  BF-SAC (sequential LCB): Changchun  surrogate=mlp
  Budget=100  (init LHS=40, sequential=60)  run_seed=303
  LCB kappa=2.0→0.5 (anneal)  MLP m=10 subset=40 sigma_calib=1.2 warm_start=True
================================================================
[1/3] Extracting real behavioral fingerprint …
       v_mean         = 3.7430
       v_p15          = 0.0176
       v_p85          = 8.5882
       a_pos_mean     = 1.0685
       a_neg_mean     = 0.8897
       a_p05          = -1.3717
       a_p95          = 1.6631
       stop_frac      = 0.4123
[2/3] Phase A: 40 LHS initial runs …
 Retrying in 1 seconds
 Retrying in 1 seconds
 Retrying in 1 seconds
 Retrying in 1 seconds
 Retrying in 1 seconds
 Retrying in 1 seconds
 Retrying in 1 seconds
 Retrying in 1 seconds
 Retrying in 1 seconds
 Retrying in 1 seconds
        10/40  best=0.3257  elapsed=33s  ETA=100s
 Retrying in 1 seconds
 Retrying in 1 seconds
 Retrying in 1 seconds
 Retrying in 1 seconds
 Retrying in 1 seconds
 Retrying in 1 seconds
 Retrying in 1 seconds
 Retrying in 1 seconds
 Retrying in 1 seconds
 Retrying in 1 seconds
        20/40  best=0.3257  elapsed=74s  ETA=74s
 Retrying in 1 seconds
 Retrying in 1 seconds
 Retrying in 1 seconds
 Retrying in 1 seconds
 Retrying in 1 seconds
 Retrying in 1 seconds
 Retrying in 1 seconds
 Retrying in 1 seconds
 Retrying in 1 seconds
 Retrying in 1 seconds
        30/40  best=0.3257  elapsed=110s  ETA=37s
 Retrying in 1 seconds
 Retrying in 1 seconds
 Retrying in 1 seconds
 Retrying in 1 seconds
 Retrying in 1 seconds
 Retrying in 1 seconds
 Retrying in 1 seconds
 Retrying in 1 seconds
 Retrying in 1 seconds
 Retrying in 1 seconds
        40/40  best=0.3203  elapsed=153s  ETA=0s
[3/3] Phase B: 60 sequential LCB acquisitions …
 Retrying in 1 seconds
 Retrying in 1 seconds
 Retrying in 1 seconds
 Retrying in 1 seconds
 Retrying in 1 seconds
       seq  5/60  err=0.2582  best=0.2582  R2=0.974
 Retrying in 1 seconds
 Retrying in 1 seconds
 Retrying in 1 seconds
 Retrying in 1 seconds
 Retrying in 1 seconds
       seq 10/60  err=0.3354  best=0.2582  R2=0.959
 Retrying in 1 seconds
 Retrying in 1 seconds
 Retrying in 1 seconds
 Retrying in 1 seconds
 Retrying in 1 seconds
       seq 15/60  err=0.3080  best=0.2310  R2=0.980
 Retrying in 1 seconds
 Retrying in 1 seconds
 Retrying in 1 seconds
 Retrying in 1 seconds
 Retrying in 1 seconds
       seq 20/60  err=0.2544  best=0.2310  R2=0.968
 Retrying in 1 seconds
 Retrying in 1 seconds
 Retrying in 1 seconds
 Retrying in 1 seconds
 Retrying in 1 seconds
       seq 25/60  err=0.2162  best=0.1987  R2=0.961
 Retrying in 1 seconds
 Retrying in 1 seconds
 Retrying in 1 seconds
 Retrying in 1 seconds
 Retrying in 1 seconds
       seq 30/60  err=0.2951  best=0.1987  R2=0.954
 Retrying in 1 seconds
 Retrying in 1 seconds
 Retrying in 1 seconds
 Retrying in 1 seconds
 Retrying in 1 seconds
       seq 35/60  err=0.3838  best=0.1987  R2=0.942
 Retrying in 1 seconds
 Retrying in 1 seconds
 Retrying in 1 seconds
 Retrying in 1 seconds
 Retrying in 1 seconds
       seq 40/60  err=0.4038  best=0.1987  R2=0.900
 Retrying in 1 seconds
 Retrying in 1 seconds
 Retrying in 1 seconds
 Retrying in 1 seconds
 Retrying in 1 seconds
       seq 45/60  err=0.2371  best=0.1924  R2=0.908
 Retrying in 1 seconds
 Retrying in 1 seconds
 Retrying in 1 seconds
 Retrying in 1 seconds
 Retrying in 1 seconds
       seq 50/60  err=0.2740  best=0.1924  R2=0.861
 Retrying in 1 seconds
 Retrying in 1 seconds
 Retrying in 1 seconds
 Retrying in 1 seconds
 Retrying in 1 seconds
       seq 55/60  err=0.2393  best=0.1866  R2=0.879
 Retrying in 1 seconds
 Retrying in 1 seconds
 Retrying in 1 seconds
 Retrying in 1 seconds
 Retrying in 1 seconds
       seq 60/60  err=0.2861  best=0.1866  R2=0.890
  Saved MLP ensemble: /Users/shuohe/Desktop/Codes/bf-sac-calibration/data/processed_data/calibration/mlp_models/Changchun_mlp_h64-64_m10.joblib

  Calibrated params:
       accel          = 2.0877
       decel          = 5.3352
       sigma          = 0.9000
       tau            = 0.5000
       minGap         = 3.4574
       speedFactor    = 0.5000
       lcStrategic    = 1.3736
       lcCooperative  = 0.9918
       lcAssertive    = 1.8185
       lcSpeedGain    = 2.7939
  Feature error: 0.1866  (init best=0.3203)
  Total SUMO runs: 100  |  sequential improved: True
  [BF-SAC-MLP s=303] done in 642s
       BF-SAC-MLP                        err@100=0.1866  sims=100  seed=303

Saved: /Users/shuohe/Desktop/Codes/bf-sac-calibration/outputs/results/comparison_summary.csv (35 rows)
Saved: /Users/shuohe/Desktop/Codes/bf-sac-calibration/outputs/results/comparison_convergence.csv (3500 rows)
Multiseed: comparison_per_run.csv, comparison_multiseed_stats.csv, comparison_multiseed_global.csv
