========================================================================
BF-SAC ICTAI 对比实验
  mode: main
  场景: XAM-N6
  方法: BF-SAC-MLP
  seeds: [404]
  预算: 100 次 SUMO / 方法 / seed
========================================================================

========================================================================
  Scene: XAM-N6
========================================================================
  [BF-SAC-MLP s=404] running …
       [BF-SAC-MLP] n_init=40 seed=404 …

================================================================
  BF-SAC (sequential LCB): XAM-N6  surrogate=mlp
  Budget=100  (init LHS=40, sequential=60)  run_seed=404
  LCB kappa=2.0→0.5 (anneal)  MLP m=10 subset=40 sigma_calib=1.2 warm_start=True
================================================================
[1/3] Extracting real behavioral fingerprint …
       v_mean         = 5.9879
       v_p15          = 1.3795
       v_p85          = 11.5867
       a_pos_mean     = 0.8680
       a_neg_mean     = 0.8430
       a_p05          = -1.1255
       a_p95          = 1.3641
       stop_frac      = 0.1166
[2/3] Phase A: 40 LHS initial runs …
 Retrying in 1 seconds
 Retrying in 1 seconds
 Retrying in 1 seconds
 Retrying in 1 seconds
 Retrying in 1 seconds
 Retrying in 1 seconds
 Retrying in 1 seconds
 Retrying in 1 seconds
 Retrying in 1 seconds
 Retrying in 1 seconds
        10/40  best=0.2249  elapsed=20s  ETA=60s
 Retrying in 1 seconds
 Retrying in 1 seconds
 Retrying in 1 seconds
 Retrying in 1 seconds
 Retrying in 1 seconds
 Retrying in 1 seconds
 Retrying in 1 seconds
 Retrying in 1 seconds
 Retrying in 1 seconds
 Retrying in 1 seconds
        20/40  best=0.1863  elapsed=38s  ETA=38s
 Retrying in 1 seconds
 Retrying in 1 seconds
 Retrying in 1 seconds
 Retrying in 1 seconds
 Retrying in 1 seconds
 Retrying in 1 seconds
 Retrying in 1 seconds
 Retrying in 1 seconds
 Retrying in 1 seconds
 Retrying in 1 seconds
        30/40  best=0.1529  elapsed=59s  ETA=20s
 Retrying in 1 seconds
 Retrying in 1 seconds
 Retrying in 1 seconds
 Retrying in 1 seconds
 Retrying in 1 seconds
 Retrying in 1 seconds
 Retrying in 1 seconds
 Retrying in 1 seconds
 Retrying in 1 seconds
 Retrying in 1 seconds
        40/40  best=0.1500  elapsed=79s  ETA=0s
[3/3] Phase B: 60 sequential LCB acquisitions …
 Retrying in 1 seconds
 Retrying in 1 seconds
 Retrying in 1 seconds
 Retrying in 1 seconds
 Retrying in 1 seconds
       seq  5/60  err=0.2079  best=0.1256  R2=0.989
 Retrying in 1 seconds
 Retrying in 1 seconds
 Retrying in 1 seconds
 Retrying in 1 seconds
 Retrying in 1 seconds
       seq 10/60  err=0.2637  best=0.1256  R2=0.988
 Retrying in 1 seconds
 Retrying in 1 seconds
 Retrying in 1 seconds
 Retrying in 1 seconds
 Retrying in 1 seconds
       seq 15/60  err=0.1391  best=0.1256  R2=0.977
 Retrying in 1 seconds
 Retrying in 1 seconds
 Retrying in 1 seconds
 Retrying in 1 seconds
 Retrying in 1 seconds
       seq 20/60  err=0.1586  best=0.1009  R2=0.974
 Retrying in 1 seconds
 Retrying in 1 seconds
 Retrying in 1 seconds
 Retrying in 1 seconds
 Retrying in 1 seconds
       seq 25/60  err=0.1316  best=0.1009  R2=0.976
 Retrying in 1 seconds
 Retrying in 1 seconds
 Retrying in 1 seconds
 Retrying in 1 seconds
 Retrying in 1 seconds
       seq 30/60  err=0.1829  best=0.1009  R2=0.958
 Retrying in 1 seconds
 Retrying in 1 seconds
 Retrying in 1 seconds
 Retrying in 1 seconds
 Retrying in 1 seconds
       seq 35/60  err=0.1917  best=0.1009  R2=0.971
 Retrying in 1 seconds
 Retrying in 1 seconds
 Retrying in 1 seconds
 Retrying in 1 seconds
 Retrying in 1 seconds
       seq 40/60  err=0.1753  best=0.1009  R2=0.969
 Retrying in 1 seconds
 Retrying in 1 seconds
 Retrying in 1 seconds
 Retrying in 1 seconds
 Retrying in 1 seconds
       seq 45/60  err=0.1996  best=0.1009  R2=0.948
 Retrying in 1 seconds
 Retrying in 1 seconds
 Retrying in 1 seconds
 Retrying in 1 seconds
 Retrying in 1 seconds
       seq 50/60  err=0.1294  best=0.1009  R2=0.959
 Retrying in 1 seconds
 Retrying in 1 seconds
 Retrying in 1 seconds
 Retrying in 1 seconds
 Retrying in 1 seconds
       seq 55/60  err=0.1561  best=0.1009  R2=0.961
 Retrying in 1 seconds
 Retrying in 1 seconds
 Retrying in 1 seconds
 Retrying in 1 seconds
 Retrying in 1 seconds
       seq 60/60  err=0.1260  best=0.1009  R2=0.956
  Saved MLP ensemble: /Users/shuohe/Desktop/Codes/bf-sac-calibration/data/processed_data/calibration/mlp_models/XAM-N6_mlp_h64-64_m10.joblib

  Calibrated params:
       accel          = 1.3014
       decel          = 4.8208
       sigma          = 0.2628
       tau            = 2.3931
       minGap         = 3.6848
       speedFactor    = 0.9089
       lcStrategic    = 2.3510
       lcCooperative  = 0.4299
       lcAssertive    = 0.3601
       lcSpeedGain    = 2.6648
  Feature error: 0.1009  (init best=0.1500)
  Total SUMO runs: 100  |  sequential improved: True
  [BF-SAC-MLP s=404] done in 350s
       BF-SAC-MLP                        err@100=0.1009  sims=100  seed=404

Saved: /Users/shuohe/Desktop/Codes/bf-sac-calibration/outputs/results/comparison_summary.csv (115 rows)
Saved: /Users/shuohe/Desktop/Codes/bf-sac-calibration/outputs/results/comparison_convergence.csv (11500 rows)
Multiseed: comparison_per_run.csv, comparison_multiseed_stats.csv, comparison_multiseed_global.csv
