========================================================================
BF-SAC ICTAI 对比实验
  mode: main
  场景: Changchun
  方法: BF-SAC-RF
  seeds: [303]
  预算: 100 次 SUMO / 方法 / seed
========================================================================

========================================================================
  Scene: Changchun
========================================================================
  [BF-SAC-RF s=303] running …
       [BF-SAC-RF] n_init=40 seed=303 …

================================================================
  BF-SAC (sequential LCB): Changchun  surrogate=rf
  Budget=100  (init LHS=40, sequential=60)  run_seed=303
  LCB kappa=2.0→0.5 (anneal)
================================================================
[1/3] Extracting real behavioral fingerprint …
       v_mean         = 3.7430
       v_p15          = 0.0176
       v_p85          = 8.5882
       a_pos_mean     = 1.0685
       a_neg_mean     = 0.8897
       a_p05          = -1.3717
       a_p95          = 1.6631
       stop_frac      = 0.4123
[2/3] Phase A: 40 LHS initial runs …
 Retrying in 1 seconds
 Retrying in 1 seconds
 Retrying in 1 seconds
 Retrying in 1 seconds
 Retrying in 1 seconds
 Retrying in 1 seconds
 Retrying in 1 seconds
 Retrying in 1 seconds
 Retrying in 1 seconds
 Retrying in 1 seconds
        10/40  best=0.3316  elapsed=33s  ETA=100s
 Retrying in 1 seconds
 Retrying in 1 seconds
 Retrying in 1 seconds
 Retrying in 1 seconds
 Retrying in 1 seconds
 Retrying in 1 seconds
 Retrying in 1 seconds
 Retrying in 1 seconds
 Retrying in 1 seconds
 Retrying in 1 seconds
        20/40  best=0.3316  elapsed=75s  ETA=75s
 Retrying in 1 seconds
 Retrying in 1 seconds
 Retrying in 1 seconds
 Retrying in 1 seconds
 Retrying in 1 seconds
 Retrying in 1 seconds
 Retrying in 1 seconds
 Retrying in 1 seconds
 Retrying in 1 seconds
 Retrying in 1 seconds
        30/40  best=0.3316  elapsed=110s  ETA=37s
 Retrying in 1 seconds
 Retrying in 1 seconds
 Retrying in 1 seconds
 Retrying in 1 seconds
 Retrying in 1 seconds
 Retrying in 1 seconds
 Retrying in 1 seconds
 Retrying in 1 seconds
 Retrying in 1 seconds
 Retrying in 1 seconds
        40/40  best=0.3313  elapsed=151s  ETA=0s
[3/3] Phase B: 60 sequential LCB acquisitions …
 Retrying in 1 seconds
 Retrying in 1 seconds
 Retrying in 1 seconds
 Retrying in 1 seconds
 Retrying in 1 seconds
       seq  5/60  err=0.6578  best=0.3034  R2=0.952
 Retrying in 1 seconds
 Retrying in 1 seconds
 Retrying in 1 seconds
 Retrying in 1 seconds
 Retrying in 1 seconds
       seq 10/60  err=0.4421  best=0.2808  R2=0.946
 Retrying in 1 seconds
 Retrying in 1 seconds
 Retrying in 1 seconds
 Retrying in 1 seconds
 Retrying in 1 seconds
       seq 15/60  err=0.4769  best=0.2808  R2=0.948
 Retrying in 1 seconds
 Retrying in 1 seconds
 Retrying in 1 seconds
 Retrying in 1 seconds
 Retrying in 1 seconds
       seq 20/60  err=0.2985  best=0.2800  R2=0.959
 Retrying in 1 seconds
 Retrying in 1 seconds
 Retrying in 1 seconds
 Retrying in 1 seconds
 Retrying in 1 seconds
       seq 25/60  err=0.2333  best=0.2333  R2=0.966
 Retrying in 1 seconds
 Retrying in 1 seconds
 Retrying in 1 seconds
 Retrying in 1 seconds
 Retrying in 1 seconds
       seq 30/60  err=0.2635  best=0.2333  R2=0.974
 Retrying in 1 seconds
 Retrying in 1 seconds
 Retrying in 1 seconds
 Retrying in 1 seconds
 Retrying in 1 seconds
       seq 35/60  err=0.2714  best=0.2020  R2=0.977
 Retrying in 1 seconds
 Retrying in 1 seconds
 Retrying in 1 seconds
 Retrying in 1 seconds
 Retrying in 1 seconds
       seq 40/60  err=0.1989  best=0.1968  R2=0.979
 Retrying in 1 seconds
 Retrying in 1 seconds
 Retrying in 1 seconds
 Retrying in 1 seconds
 Retrying in 1 seconds
       seq 45/60  err=0.2121  best=0.1968  R2=0.981
 Retrying in 1 seconds
 Retrying in 1 seconds
 Retrying in 1 seconds
 Retrying in 1 seconds
 Retrying in 1 seconds
       seq 50/60  err=0.2057  best=0.1968  R2=0.983
 Retrying in 1 seconds
 Retrying in 1 seconds
 Retrying in 1 seconds
 Retrying in 1 seconds
 Retrying in 1 seconds
       seq 55/60  err=0.2300  best=0.1919  R2=0.984
 Retrying in 1 seconds
 Retrying in 1 seconds
 Retrying in 1 seconds
 Retrying in 1 seconds
 Retrying in 1 seconds
       seq 60/60  err=0.1989  best=0.1919  R2=0.985

  Calibrated params:
       accel          = 1.8785
       decel          = 4.6796
       sigma          = 0.6784
       tau            = 0.8996
       minGap         = 1.8292
       speedFactor    = 0.6516
       lcStrategic    = 0.3500
       lcCooperative  = 1.4696
       lcAssertive    = 0.4172
       lcSpeedGain    = 1.7810
  Feature error: 0.1919  (init best=0.3313)
  Total SUMO runs: 100  |  sequential improved: True
  [BF-SAC-RF s=303] done in 389s
       BF-SAC-RF                         err@100=0.1919  sims=100  seed=303

Saved: /Users/shuohe/Desktop/Codes/bf-sac-calibration/outputs/results/comparison_summary.csv (22 rows)
Saved: /Users/shuohe/Desktop/Codes/bf-sac-calibration/outputs/results/comparison_convergence.csv (2200 rows)
Multiseed: comparison_per_run.csv, comparison_multiseed_stats.csv, comparison_multiseed_global.csv
