========================================================================
BF-SAC ICTAI 对比实验
  mode: main
  场景: Xian
  方法: BF-SAC-MLP
  seeds: [303]
  预算: 100 次 SUMO / 方法 / seed
========================================================================

========================================================================
  Scene: Xian
========================================================================
  [BF-SAC-MLP s=303] running …
       [BF-SAC-MLP] n_init=40 seed=303 …

================================================================
  BF-SAC (sequential LCB): Xian  surrogate=mlp
  Budget=100  (init LHS=40, sequential=60)  run_seed=303
  LCB kappa=2.0→0.5 (anneal)  MLP m=10 subset=40 sigma_calib=1.2 warm_start=True
================================================================
[1/3] Extracting real behavioral fingerprint …
       v_mean         = 3.8522
       v_p15          = 0.0254
       v_p85          = 8.8662
       a_pos_mean     = 0.7103
       a_neg_mean     = 0.8046
       a_p05          = -1.1830
       a_p95          = 1.1834
       stop_frac      = 0.4465
[2/3] Phase A: 40 LHS initial runs …
 Retrying in 1 seconds
 Retrying in 1 seconds
 Retrying in 1 seconds
 Retrying in 1 seconds
 Retrying in 1 seconds
 Retrying in 1 seconds
 Retrying in 1 seconds
 Retrying in 1 seconds
 Retrying in 1 seconds
 Retrying in 1 seconds
        10/40  best=0.5258  elapsed=26s  ETA=79s
 Retrying in 1 seconds
 Retrying in 1 seconds
 Retrying in 1 seconds
 Retrying in 1 seconds
 Retrying in 1 seconds
 Retrying in 1 seconds
 Retrying in 1 seconds
 Retrying in 1 seconds
 Retrying in 1 seconds
 Retrying in 1 seconds
        20/40  best=0.4678  elapsed=53s  ETA=53s
 Retrying in 1 seconds
 Retrying in 1 seconds
 Retrying in 1 seconds
 Retrying in 1 seconds
 Retrying in 1 seconds
 Retrying in 1 seconds
 Retrying in 1 seconds
 Retrying in 1 seconds
 Retrying in 1 seconds
 Retrying in 1 seconds
        30/40  best=0.4678  elapsed=78s  ETA=26s
 Retrying in 1 seconds
 Retrying in 1 seconds
 Retrying in 1 seconds
 Retrying in 1 seconds
 Retrying in 1 seconds
 Retrying in 1 seconds
 Retrying in 1 seconds
 Retrying in 1 seconds
 Retrying in 1 seconds
 Retrying in 1 seconds
        40/40  best=0.4343  elapsed=104s  ETA=0s
[3/3] Phase B: 60 sequential LCB acquisitions …
 Retrying in 1 seconds
 Retrying in 1 seconds
 Retrying in 1 seconds
 Retrying in 1 seconds
 Retrying in 1 seconds
       seq  5/60  err=0.4506  best=0.4343  R2=0.962
 Retrying in 1 seconds
 Retrying in 1 seconds
 Retrying in 1 seconds
 Retrying in 1 seconds
 Retrying in 1 seconds
       seq 10/60  err=0.4681  best=0.4343  R2=0.982
 Retrying in 1 seconds
 Retrying in 1 seconds
 Retrying in 1 seconds
 Retrying in 1 seconds
 Retrying in 1 seconds
       seq 15/60  err=0.4479  best=0.4343  R2=0.975
 Retrying in 1 seconds
 Retrying in 1 seconds
 Retrying in 1 seconds
 Retrying in 1 seconds
 Retrying in 1 seconds
       seq 20/60  err=0.5131  best=0.4343  R2=0.980
 Retrying in 1 seconds
 Retrying in 1 seconds
 Retrying in 1 seconds
 Retrying in 1 seconds
 Retrying in 1 seconds
       seq 25/60  err=0.4925  best=0.4343  R2=0.980
 Retrying in 1 seconds
 Retrying in 1 seconds
 Retrying in 1 seconds
 Retrying in 1 seconds
 Retrying in 1 seconds
       seq 30/60  err=0.4509  best=0.4343  R2=0.967
 Retrying in 1 seconds
 Retrying in 1 seconds
 Retrying in 1 seconds
 Retrying in 1 seconds
 Retrying in 1 seconds
       seq 35/60  err=0.4745  best=0.4343  R2=0.964
 Retrying in 1 seconds
 Retrying in 1 seconds
 Retrying in 1 seconds
 Retrying in 1 seconds
 Retrying in 1 seconds
       seq 40/60  err=0.4609  best=0.4343  R2=0.951
 Retrying in 1 seconds
 Retrying in 1 seconds
 Retrying in 1 seconds
 Retrying in 1 seconds
 Retrying in 1 seconds
       seq 45/60  err=0.4956  best=0.4343  R2=0.955
 Retrying in 1 seconds
 Retrying in 1 seconds
 Retrying in 1 seconds
 Retrying in 1 seconds
 Retrying in 1 seconds
       seq 50/60  err=0.4543  best=0.4343  R2=0.940
 Retrying in 1 seconds
 Retrying in 1 seconds
 Retrying in 1 seconds
 Retrying in 1 seconds
 Retrying in 1 seconds
       seq 55/60  err=0.4942  best=0.4343  R2=0.921
 Retrying in 1 seconds
 Retrying in 1 seconds
 Retrying in 1 seconds
 Retrying in 1 seconds
 Retrying in 1 seconds
       seq 60/60  err=0.4909  best=0.4343  R2=0.923
  Saved MLP ensemble: /Users/shuohe/Desktop/Codes/bf-sac-calibration/data/processed_data/calibration/mlp_models/Xian_mlp_h64-64_m10.joblib

  Calibrated params:
       accel          = 2.0578
       decel          = 4.0315
       sigma          = 0.5824
       tau            = 1.1209
       minGap         = 3.5695
       speedFactor    = 0.6131
       lcStrategic    = 0.9262
       lcCooperative  = 0.9379
       lcAssertive    = 0.8819
       lcSpeedGain    = 1.1060
  Feature error: 0.4343  (init best=0.4343)
  Total SUMO runs: 100  |  sequential improved: False
  [BF-SAC-MLP s=303] done in 470s
       BF-SAC-MLP                        err@100=0.4343  sims=100  seed=303

Saved: /Users/shuohe/Desktop/Codes/bf-sac-calibration/outputs/results/comparison_summary.csv (53 rows)
Saved: /Users/shuohe/Desktop/Codes/bf-sac-calibration/outputs/results/comparison_convergence.csv (5300 rows)
Multiseed: comparison_per_run.csv, comparison_multiseed_stats.csv, comparison_multiseed_global.csv
