========================================================================
BF-SAC ICTAI 对比实验
  mode: main
  场景: YTDJ
  方法: BF-SAC-RF
  seeds: [202]
  预算: 100 次 SUMO / 方法 / seed
========================================================================

========================================================================
  Scene: YTDJ
========================================================================
  [BF-SAC-RF s=202] running …
       [BF-SAC-RF] n_init=40 seed=202 …

================================================================
  BF-SAC (sequential LCB): YTDJ  surrogate=rf
  Budget=100  (init LHS=40, sequential=60)  run_seed=202
  LCB kappa=2.0→0.5 (anneal)
================================================================
[1/3] Extracting real behavioral fingerprint …
       v_mean         = 6.6646
       v_p15          = 2.6778
       v_p85          = 10.9972
       a_pos_mean     = 1.5039
       a_neg_mean     = 1.3995
       a_p05          = -2.2900
       a_p95          = 2.2900
       stop_frac      = 0.0135
[2/3] Phase A: 40 LHS initial runs …
 Retrying in 1 seconds
 Retrying in 1 seconds
 Retrying in 1 seconds
 Retrying in 1 seconds
 Retrying in 1 seconds
 Retrying in 1 seconds
 Retrying in 1 seconds
 Retrying in 1 seconds
 Retrying in 1 seconds
 Retrying in 1 seconds
        10/40  best=0.3452  elapsed=37s  ETA=111s
 Retrying in 1 seconds
 Retrying in 1 seconds
 Retrying in 1 seconds
 Retrying in 1 seconds
 Retrying in 1 seconds
 Retrying in 1 seconds
 Retrying in 1 seconds
 Retrying in 1 seconds
 Retrying in 1 seconds
 Retrying in 1 seconds
        20/40  best=0.3318  elapsed=71s  ETA=71s
 Retrying in 1 seconds
 Retrying in 1 seconds
 Retrying in 1 seconds
 Retrying in 1 seconds
 Retrying in 1 seconds
 Retrying in 1 seconds
 Retrying in 1 seconds
 Retrying in 1 seconds
 Retrying in 1 seconds
 Retrying in 1 seconds
        30/40  best=0.2942  elapsed=110s  ETA=37s
 Retrying in 1 seconds
 Retrying in 1 seconds
 Retrying in 1 seconds
 Retrying in 1 seconds
 Retrying in 1 seconds
 Retrying in 1 seconds
 Retrying in 1 seconds
 Retrying in 1 seconds
 Retrying in 1 seconds
 Retrying in 1 seconds
        40/40  best=0.2168  elapsed=148s  ETA=0s
[3/3] Phase B: 60 sequential LCB acquisitions …
 Retrying in 1 seconds
 Retrying in 1 seconds
 Retrying in 1 seconds
 Retrying in 1 seconds
 Retrying in 1 seconds
       seq  5/60  err=0.4082  best=0.2168  R2=0.944
 Retrying in 1 seconds
 Retrying in 1 seconds
 Retrying in 1 seconds
 Retrying in 1 seconds
 Retrying in 1 seconds
       seq 10/60  err=0.2456  best=0.2168  R2=0.948
 Retrying in 1 seconds
 Retrying in 1 seconds
 Retrying in 1 seconds
 Retrying in 1 seconds
 Retrying in 1 seconds
       seq 15/60  err=0.2082  best=0.2082  R2=0.958
 Retrying in 1 seconds
 Retrying in 1 seconds
 Retrying in 1 seconds
 Retrying in 1 seconds
 Retrying in 1 seconds
       seq 20/60  err=0.4608  best=0.2082  R2=0.970
 Retrying in 1 seconds
 Retrying in 1 seconds
 Retrying in 1 seconds
 Retrying in 1 seconds
 Retrying in 1 seconds
       seq 25/60  err=0.2551  best=0.1969  R2=0.972
 Retrying in 1 seconds
 Retrying in 1 seconds
 Retrying in 1 seconds
 Retrying in 1 seconds
 Retrying in 1 seconds
       seq 30/60  err=0.2168  best=0.1969  R2=0.975
 Retrying in 1 seconds
 Retrying in 1 seconds
 Retrying in 1 seconds
 Retrying in 1 seconds
 Retrying in 1 seconds
       seq 35/60  err=0.2477  best=0.1969  R2=0.975
 Retrying in 1 seconds
 Retrying in 1 seconds
 Retrying in 1 seconds
 Retrying in 1 seconds
 Retrying in 1 seconds
       seq 40/60  err=0.2885  best=0.1969  R2=0.978
 Retrying in 1 seconds
 Retrying in 1 seconds
 Retrying in 1 seconds
 Retrying in 1 seconds
 Retrying in 1 seconds
       seq 45/60  err=0.2021  best=0.1931  R2=0.979
 Retrying in 1 seconds
 Retrying in 1 seconds
 Retrying in 1 seconds
 Retrying in 1 seconds
 Retrying in 1 seconds
       seq 50/60  err=0.4724  best=0.1931  R2=0.981
 Retrying in 1 seconds
 Retrying in 1 seconds
 Retrying in 1 seconds
 Retrying in 1 seconds
 Retrying in 1 seconds
       seq 55/60  err=0.2535  best=0.1931  R2=0.979
 Retrying in 1 seconds
 Retrying in 1 seconds
 Retrying in 1 seconds
 Retrying in 1 seconds
 Retrying in 1 seconds
       seq 60/60  err=0.2064  best=0.1841  R2=0.980

  Calibrated params:
       accel          = 3.2311
       decel          = 4.0721
       sigma          = 0.6217
       tau            = 0.9473
       minGap         = 2.4639
       speedFactor    = 0.5655
       lcStrategic    = 2.3473
       lcCooperative  = 0.9134
       lcAssertive    = 0.8300
       lcSpeedGain    = 0.7609
  Feature error: 0.1841  (init best=0.2168)
  Total SUMO runs: 100  |  sequential improved: True
  [BF-SAC-RF s=202] done in 469s
       BF-SAC-RF                         err@100=0.1841  sims=100  seed=202

Saved: /Users/shuohe/Desktop/Codes/bf-sac-calibration/outputs/results/comparison_summary.csv (58 rows)
Saved: /Users/shuohe/Desktop/Codes/bf-sac-calibration/outputs/results/comparison_convergence.csv (5800 rows)
Multiseed: comparison_per_run.csv, comparison_multiseed_stats.csv, comparison_multiseed_global.csv
