========================================================================
BF-SAC ICTAI 对比实验
  mode: main
  场景: Tianjin
  方法: BF-SAC-RF
  seeds: [404]
  预算: 100 次 SUMO / 方法 / seed
========================================================================

========================================================================
  Scene: Tianjin
========================================================================
  [BF-SAC-RF s=404] running …
       [BF-SAC-RF] n_init=40 seed=404 …

================================================================
  BF-SAC (sequential LCB): Tianjin  surrogate=rf
  Budget=100  (init LHS=40, sequential=60)  run_seed=404
  LCB kappa=2.0→0.5 (anneal)
================================================================
[1/3] Extracting real behavioral fingerprint …
       v_mean         = 2.4858
       v_p15          = 0.0000
       v_p85          = 5.4165
       a_pos_mean     = 0.5579
       a_neg_mean     = 0.5065
       a_p05          = -0.7421
       a_p95          = 0.9963
       stop_frac      = 0.4086
[2/3] Phase A: 40 LHS initial runs …
 Retrying in 1 seconds
 Retrying in 1 seconds
 Retrying in 1 seconds
 Retrying in 1 seconds
 Retrying in 1 seconds
 Retrying in 1 seconds
 Retrying in 1 seconds
 Retrying in 1 seconds
 Retrying in 1 seconds
 Retrying in 1 seconds
        10/40  best=0.4147  elapsed=20s  ETA=60s
 Retrying in 1 seconds
 Retrying in 1 seconds
 Retrying in 1 seconds
 Retrying in 1 seconds
 Retrying in 1 seconds
 Retrying in 1 seconds
 Retrying in 1 seconds
 Retrying in 1 seconds
 Retrying in 1 seconds
 Retrying in 1 seconds
        20/40  best=0.2489  elapsed=40s  ETA=40s
 Retrying in 1 seconds
 Retrying in 1 seconds
 Retrying in 1 seconds
 Retrying in 1 seconds
 Retrying in 1 seconds
 Retrying in 1 seconds
 Retrying in 1 seconds
 Retrying in 1 seconds
 Retrying in 1 seconds
 Retrying in 1 seconds
        30/40  best=0.1939  elapsed=63s  ETA=21s
 Retrying in 1 seconds
 Retrying in 1 seconds
 Retrying in 1 seconds
 Retrying in 1 seconds
 Retrying in 1 seconds
 Retrying in 1 seconds
 Retrying in 1 seconds
 Retrying in 1 seconds
 Retrying in 1 seconds
 Retrying in 1 seconds
        40/40  best=0.1939  elapsed=83s  ETA=0s
[3/3] Phase B: 60 sequential LCB acquisitions …
 Retrying in 1 seconds
 Retrying in 1 seconds
 Retrying in 1 seconds
 Retrying in 1 seconds
 Retrying in 1 seconds
       seq  5/60  err=0.2911  best=0.1939  R2=0.939
 Retrying in 1 seconds
 Retrying in 1 seconds
 Retrying in 1 seconds
 Retrying in 1 seconds
 Retrying in 1 seconds
       seq 10/60  err=0.2220  best=0.1815  R2=0.935
 Retrying in 1 seconds
 Retrying in 1 seconds
 Retrying in 1 seconds
 Retrying in 1 seconds
 Retrying in 1 seconds
       seq 15/60  err=0.4644  best=0.1559  R2=0.944
 Retrying in 1 seconds
 Retrying in 1 seconds
 Retrying in 1 seconds
 Retrying in 1 seconds
 Retrying in 1 seconds
       seq 20/60  err=0.2497  best=0.1559  R2=0.940
 Retrying in 1 seconds
 Retrying in 1 seconds
 Retrying in 1 seconds
 Retrying in 1 seconds
 Retrying in 1 seconds
       seq 25/60  err=0.1889  best=0.1559  R2=0.933
 Retrying in 1 seconds
 Retrying in 1 seconds
 Retrying in 1 seconds
 Retrying in 1 seconds
 Retrying in 1 seconds
       seq 30/60  err=0.2152  best=0.1559  R2=0.934
 Retrying in 1 seconds
 Retrying in 1 seconds
 Retrying in 1 seconds
 Retrying in 1 seconds
 Retrying in 1 seconds
       seq 35/60  err=0.1829  best=0.1540  R2=0.940
 Retrying in 1 seconds
 Retrying in 1 seconds
 Retrying in 1 seconds
 Retrying in 1 seconds
 Retrying in 1 seconds
       seq 40/60  err=0.1759  best=0.1540  R2=0.941
 Retrying in 1 seconds
 Retrying in 1 seconds
 Retrying in 1 seconds
 Retrying in 1 seconds
 Retrying in 1 seconds
       seq 45/60  err=0.2082  best=0.1491  R2=0.945
 Retrying in 1 seconds
 Retrying in 1 seconds
 Retrying in 1 seconds
 Retrying in 1 seconds
 Retrying in 1 seconds
       seq 50/60  err=0.1985  best=0.1294  R2=0.948
 Retrying in 1 seconds
 Retrying in 1 seconds
 Retrying in 1 seconds
 Retrying in 1 seconds
 Retrying in 1 seconds
       seq 55/60  err=0.1587  best=0.1294  R2=0.948
 Retrying in 1 seconds
 Retrying in 1 seconds
 Retrying in 1 seconds
 Retrying in 1 seconds
 Retrying in 1 seconds
       seq 60/60  err=0.1554  best=0.1294  R2=0.951

  Calibrated params:
       accel          = 1.3767
       decel          = 5.0190
       sigma          = 0.3668
       tau            = 2.1190
       minGap         = 1.3987
       speedFactor    = 0.5689
       lcStrategic    = 2.8000
       lcCooperative  = 1.5306
       lcAssertive    = 1.6540
       lcSpeedGain    = 1.7808
  Feature error: 0.1294  (init best=0.1939)
  Total SUMO runs: 100  |  sequential improved: True
  [BF-SAC-RF s=404] done in 340s
       BF-SAC-RF                         err@100=0.1294  sims=100  seed=404

Saved: /Users/shuohe/Desktop/Codes/bf-sac-calibration/outputs/results/comparison_summary.csv (4 rows)
Saved: /Users/shuohe/Desktop/Codes/bf-sac-calibration/outputs/results/comparison_convergence.csv (400 rows)
Multiseed: comparison_per_run.csv, comparison_multiseed_stats.csv, comparison_multiseed_global.csv
