========================================================================
BF-SAC ICTAI 对比实验
  mode: main
  场景: XAM-N6
  方法: BF-SAC-RF
  seeds: [42]
  预算: 100 次 SUMO / 方法 / seed
========================================================================

========================================================================
  Scene: XAM-N6
========================================================================
  [BF-SAC-RF s=42] running …
       [BF-SAC-RF] n_init=40 seed=42 …

================================================================
  BF-SAC (sequential LCB): XAM-N6  surrogate=rf
  Budget=100  (init LHS=40, sequential=60)  run_seed=42
  LCB kappa=2.0→0.5 (anneal)
================================================================
[1/3] Extracting real behavioral fingerprint …
       v_mean         = 5.9879
       v_p15          = 1.3795
       v_p85          = 11.5867
       a_pos_mean     = 0.8680
       a_neg_mean     = 0.8430
       a_p05          = -1.1255
       a_p95          = 1.3641
       stop_frac      = 0.1166
[2/3] Phase A: 40 LHS initial runs …
 Retrying in 1 seconds
 Retrying in 1 seconds
 Retrying in 1 seconds
 Retrying in 1 seconds
 Retrying in 1 seconds
 Retrying in 1 seconds
 Retrying in 1 seconds
 Retrying in 1 seconds
 Retrying in 1 seconds
 Retrying in 1 seconds
        10/40  best=0.1157  elapsed=19s  ETA=58s
 Retrying in 1 seconds
 Retrying in 1 seconds
 Retrying in 1 seconds
 Retrying in 1 seconds
 Retrying in 1 seconds
 Retrying in 1 seconds
 Retrying in 1 seconds
 Retrying in 1 seconds
 Retrying in 1 seconds
 Retrying in 1 seconds
        20/40  best=0.1157  elapsed=37s  ETA=37s
 Retrying in 1 seconds
 Retrying in 1 seconds
 Retrying in 1 seconds
 Retrying in 1 seconds
 Retrying in 1 seconds
 Retrying in 1 seconds
 Retrying in 1 seconds
 Retrying in 1 seconds
 Retrying in 1 seconds
 Retrying in 1 seconds
        30/40  best=0.1157  elapsed=57s  ETA=19s
 Retrying in 1 seconds
 Retrying in 1 seconds
 Retrying in 1 seconds
 Retrying in 1 seconds
 Retrying in 1 seconds
 Retrying in 1 seconds
 Retrying in 1 seconds
 Retrying in 1 seconds
 Retrying in 1 seconds
 Retrying in 1 seconds
        40/40  best=0.1157  elapsed=76s  ETA=0s
[3/3] Phase B: 60 sequential LCB acquisitions …
 Retrying in 1 seconds
 Retrying in 1 seconds
 Retrying in 1 seconds
 Retrying in 1 seconds
Could not connect to TraCI server at localhost:49966 [Errno 61] Connection refused
 Retrying in 1 seconds
 Retrying in 1 seconds
       seq  5/60  err=0.2495  best=0.1157  R2=0.962
 Retrying in 1 seconds
 Retrying in 1 seconds
 Retrying in 1 seconds
 Retrying in 1 seconds
 Retrying in 1 seconds
       seq 10/60  err=0.2982  best=0.1157  R2=0.962
 Retrying in 1 seconds
 Retrying in 1 seconds
 Retrying in 1 seconds
 Retrying in 1 seconds
 Retrying in 1 seconds
       seq 15/60  err=0.1745  best=0.1157  R2=0.964
 Retrying in 1 seconds
 Retrying in 1 seconds
 Retrying in 1 seconds
 Retrying in 1 seconds
 Retrying in 1 seconds
       seq 20/60  err=0.1206  best=0.1088  R2=0.968
 Retrying in 1 seconds
 Retrying in 1 seconds
 Retrying in 1 seconds
 Retrying in 1 seconds
 Retrying in 1 seconds
       seq 25/60  err=0.3174  best=0.0984  R2=0.971
 Retrying in 1 seconds
 Retrying in 1 seconds
 Retrying in 1 seconds
 Retrying in 1 seconds
 Retrying in 1 seconds
       seq 30/60  err=0.1854  best=0.0984  R2=0.973
 Retrying in 1 seconds
 Retrying in 1 seconds
 Retrying in 1 seconds
 Retrying in 1 seconds
 Retrying in 1 seconds
       seq 35/60  err=0.1526  best=0.0964  R2=0.975
 Retrying in 1 seconds
 Retrying in 1 seconds
 Retrying in 1 seconds
 Retrying in 1 seconds
 Retrying in 1 seconds
       seq 40/60  err=0.1582  best=0.0964  R2=0.976
 Retrying in 1 seconds
 Retrying in 1 seconds
 Retrying in 1 seconds
 Retrying in 1 seconds
 Retrying in 1 seconds
       seq 45/60  err=0.1390  best=0.0964  R2=0.977
 Retrying in 1 seconds
 Retrying in 1 seconds
 Retrying in 1 seconds
 Retrying in 1 seconds
 Retrying in 1 seconds
       seq 50/60  err=0.1559  best=0.0964  R2=0.978
 Retrying in 1 seconds
 Retrying in 1 seconds
 Retrying in 1 seconds
 Retrying in 1 seconds
 Retrying in 1 seconds
       seq 55/60  err=0.1302  best=0.0916  R2=0.978
 Retrying in 1 seconds
 Retrying in 1 seconds
 Retrying in 1 seconds
 Retrying in 1 seconds
 Retrying in 1 seconds
       seq 60/60  err=0.1845  best=0.0916  R2=0.979

  Calibrated params:
       accel          = 1.3858
       decel          = 4.2163
       sigma          = 0.4211
       tau            = 2.3185
       minGap         = 1.3179
       speedFactor    = 1.2000
       lcStrategic    = 1.6907
       lcCooperative  = 0.3628
       lcAssertive    = 1.3411
       lcSpeedGain    = 1.9111
  Feature error: 0.0916  (init best=0.1157)
  Total SUMO runs: 100  |  sequential improved: True
  [BF-SAC-RF s=42] done in 272s
       BF-SAC-RF                         err@100=0.0916  sims=100  seed=42

Saved: /Users/shuohe/Desktop/Codes/bf-sac-calibration/outputs/results/comparison_summary.csv (104 rows)
Saved: /Users/shuohe/Desktop/Codes/bf-sac-calibration/outputs/results/comparison_convergence.csv (10400 rows)
Multiseed: comparison_per_run.csv, comparison_multiseed_stats.csv, comparison_multiseed_global.csv
