========================================================================
BF-SAC ICTAI 对比实验
  mode: main
  场景: RML
  方法: BF-SAC-MLP
  seeds: [404]
  预算: 100 次 SUMO / 方法 / seed
========================================================================

========================================================================
  Scene: RML
========================================================================
  [BF-SAC-MLP s=404] running …
       [BF-SAC-MLP] n_init=40 seed=404 …

================================================================
  BF-SAC (sequential LCB): RML  surrogate=mlp
  Budget=100  (init LHS=40, sequential=60)  run_seed=404
  LCB kappa=2.0→0.5 (anneal)  MLP m=10 subset=40 sigma_calib=1.2 warm_start=True
================================================================
[1/3] Extracting real behavioral fingerprint …
       v_mean         = 4.2547
       v_p15          = 2.7067
       v_p85          = 5.8847
       a_pos_mean     = 0.5192
       a_neg_mean     = 0.4726
       a_p05          = -0.8289
       a_p95          = 0.9442
       stop_frac      = 0.0046
[2/3] Phase A: 40 LHS initial runs …
 Retrying in 1 seconds
 Retrying in 1 seconds
 Retrying in 1 seconds
 Retrying in 1 seconds
 Retrying in 1 seconds
 Retrying in 1 seconds
 Retrying in 1 seconds
 Retrying in 1 seconds
 Retrying in 1 seconds
 Retrying in 1 seconds
        10/40  best=0.7878  elapsed=16s  ETA=49s
 Retrying in 1 seconds
 Retrying in 1 seconds
 Retrying in 1 seconds
 Retrying in 1 seconds
 Retrying in 1 seconds
 Retrying in 1 seconds
 Retrying in 1 seconds
 Retrying in 1 seconds
 Retrying in 1 seconds
 Retrying in 1 seconds
        20/40  best=0.6707  elapsed=32s  ETA=32s
 Retrying in 1 seconds
 Retrying in 1 seconds
 Retrying in 1 seconds
 Retrying in 1 seconds
 Retrying in 1 seconds
 Retrying in 1 seconds
 Retrying in 1 seconds
 Retrying in 1 seconds
 Retrying in 1 seconds
 Retrying in 1 seconds
        30/40  best=0.5469  elapsed=49s  ETA=16s
 Retrying in 1 seconds
 Retrying in 1 seconds
 Retrying in 1 seconds
 Retrying in 1 seconds
 Retrying in 1 seconds
 Retrying in 1 seconds
 Retrying in 1 seconds
 Retrying in 1 seconds
 Retrying in 1 seconds
 Retrying in 1 seconds
        40/40  best=0.5469  elapsed=66s  ETA=0s
[3/3] Phase B: 60 sequential LCB acquisitions …
 Retrying in 1 seconds
 Retrying in 1 seconds
 Retrying in 1 seconds
 Retrying in 1 seconds
 Retrying in 1 seconds
       seq  5/60  err=0.4677  best=0.4677  R2=0.995
 Retrying in 1 seconds
 Retrying in 1 seconds
 Retrying in 1 seconds
 Retrying in 1 seconds
 Retrying in 1 seconds
       seq 10/60  err=0.4668  best=0.4597  R2=0.989
 Retrying in 1 seconds
 Retrying in 1 seconds
 Retrying in 1 seconds
 Retrying in 1 seconds
 Retrying in 1 seconds
       seq 15/60  err=0.4555  best=0.4540  R2=0.993
 Retrying in 1 seconds
 Retrying in 1 seconds
 Retrying in 1 seconds
 Retrying in 1 seconds
 Retrying in 1 seconds
       seq 20/60  err=0.4961  best=0.4540  R2=0.991
 Retrying in 1 seconds
 Retrying in 1 seconds
 Retrying in 1 seconds
 Retrying in 1 seconds
 Retrying in 1 seconds
       seq 25/60  err=0.4984  best=0.4540  R2=0.991
 Retrying in 1 seconds
 Retrying in 1 seconds
 Retrying in 1 seconds
 Retrying in 1 seconds
 Retrying in 1 seconds
       seq 30/60  err=0.4929  best=0.4540  R2=0.989
 Retrying in 1 seconds
 Retrying in 1 seconds
 Retrying in 1 seconds
 Retrying in 1 seconds
 Retrying in 1 seconds
       seq 35/60  err=0.5367  best=0.4540  R2=0.984
 Retrying in 1 seconds
 Retrying in 1 seconds
 Retrying in 1 seconds
 Retrying in 1 seconds
 Retrying in 1 seconds
       seq 40/60  err=0.5008  best=0.4540  R2=0.976
 Retrying in 1 seconds
 Retrying in 1 seconds
 Retrying in 1 seconds
 Retrying in 1 seconds
 Retrying in 1 seconds
       seq 45/60  err=0.4884  best=0.4540  R2=0.967
 Retrying in 1 seconds
 Retrying in 1 seconds
 Retrying in 1 seconds
 Retrying in 1 seconds
 Retrying in 1 seconds
       seq 50/60  err=0.4924  best=0.4540  R2=0.977
 Retrying in 1 seconds
 Retrying in 1 seconds
 Retrying in 1 seconds
 Retrying in 1 seconds
 Retrying in 1 seconds
       seq 55/60  err=0.4855  best=0.4540  R2=0.971
 Retrying in 1 seconds
 Retrying in 1 seconds
 Retrying in 1 seconds
 Retrying in 1 seconds
 Retrying in 1 seconds
       seq 60/60  err=0.4685  best=0.4540  R2=0.974
  Saved MLP ensemble: /Users/shuohe/Desktop/Codes/bf-sac-calibration/data/processed_data/calibration/mlp_models/RML_mlp_h64-64_m10.joblib

  Calibrated params:
       accel          = 1.0000
       decel          = 2.5298
       sigma          = 0.9000
       tau            = 2.1058
       minGap         = 2.5665
       speedFactor    = 0.5000
       lcStrategic    = 1.2521
       lcCooperative  = 1.5427
       lcAssertive    = 1.8712
       lcSpeedGain    = 2.8000
  Feature error: 0.4540  (init best=0.5469)
  Total SUMO runs: 100  |  sequential improved: True
  [BF-SAC-MLP s=404] done in 332s
       BF-SAC-MLP                        err@100=0.4540  sims=100  seed=404

Saved: /Users/shuohe/Desktop/Codes/bf-sac-calibration/outputs/results/comparison_summary.csv (95 rows)
Saved: /Users/shuohe/Desktop/Codes/bf-sac-calibration/outputs/results/comparison_convergence.csv (9500 rows)
Multiseed: comparison_per_run.csv, comparison_multiseed_stats.csv, comparison_multiseed_global.csv
