========================================================================
BF-SAC ICTAI 对比实验
  mode: main
  场景: YTDJ
  方法: BF-SAC-MLP
  seeds: [101]
  预算: 100 次 SUMO / 方法 / seed
========================================================================

========================================================================
  Scene: YTDJ
========================================================================
  [BF-SAC-MLP s=101] running …
       [BF-SAC-MLP] n_init=40 seed=101 …

================================================================
  BF-SAC (sequential LCB): YTDJ  surrogate=mlp
  Budget=100  (init LHS=40, sequential=60)  run_seed=101
  LCB kappa=2.0→0.5 (anneal)  MLP m=10 subset=40 sigma_calib=1.2 warm_start=True
================================================================
[1/3] Extracting real behavioral fingerprint …
       v_mean         = 6.6646
       v_p15          = 2.6778
       v_p85          = 10.9972
       a_pos_mean     = 1.5039
       a_neg_mean     = 1.3995
       a_p05          = -2.2900
       a_p95          = 2.2900
       stop_frac      = 0.0135
[2/3] Phase A: 40 LHS initial runs …
 Retrying in 1 seconds
 Retrying in 1 seconds
 Retrying in 1 seconds
 Retrying in 1 seconds
 Retrying in 1 seconds
 Retrying in 1 seconds
 Retrying in 1 seconds
 Retrying in 1 seconds
 Retrying in 1 seconds
 Retrying in 1 seconds
        10/40  best=0.3816  elapsed=37s  ETA=112s
 Retrying in 1 seconds
 Retrying in 1 seconds
 Retrying in 1 seconds
 Retrying in 1 seconds
 Retrying in 1 seconds
 Retrying in 1 seconds
 Retrying in 1 seconds
 Retrying in 1 seconds
 Retrying in 1 seconds
 Retrying in 1 seconds
        20/40  best=0.3778  elapsed=73s  ETA=73s
 Retrying in 1 seconds
 Retrying in 1 seconds
 Retrying in 1 seconds
 Retrying in 1 seconds
 Retrying in 1 seconds
 Retrying in 1 seconds
 Retrying in 1 seconds
 Retrying in 1 seconds
 Retrying in 1 seconds
 Retrying in 1 seconds
        30/40  best=0.3778  elapsed=110s  ETA=37s
 Retrying in 1 seconds
 Retrying in 1 seconds
 Retrying in 1 seconds
 Retrying in 1 seconds
 Retrying in 1 seconds
 Retrying in 1 seconds
 Retrying in 1 seconds
 Retrying in 1 seconds
 Retrying in 1 seconds
 Retrying in 1 seconds
        40/40  best=0.2455  elapsed=145s  ETA=0s
[3/3] Phase B: 60 sequential LCB acquisitions …
 Retrying in 1 seconds
 Retrying in 1 seconds
 Retrying in 1 seconds
 Retrying in 1 seconds
 Retrying in 1 seconds
       seq  5/60  err=0.4581  best=0.2330  R2=0.967
 Retrying in 1 seconds
 Retrying in 1 seconds
 Retrying in 1 seconds
 Retrying in 1 seconds
 Retrying in 1 seconds
       seq 10/60  err=0.4663  best=0.2330  R2=0.972
 Retrying in 1 seconds
 Retrying in 1 seconds
 Retrying in 1 seconds
 Retrying in 1 seconds
 Retrying in 1 seconds
       seq 15/60  err=0.4489  best=0.2330  R2=0.937
 Retrying in 1 seconds
 Retrying in 1 seconds
 Retrying in 1 seconds
 Retrying in 1 seconds
 Retrying in 1 seconds
       seq 20/60  err=0.3586  best=0.1896  R2=0.883
 Retrying in 1 seconds
 Retrying in 1 seconds
 Retrying in 1 seconds
 Retrying in 1 seconds
 Retrying in 1 seconds
       seq 25/60  err=0.3842  best=0.1770  R2=0.898
 Retrying in 1 seconds
 Retrying in 1 seconds
 Retrying in 1 seconds
 Retrying in 1 seconds
 Retrying in 1 seconds
       seq 30/60  err=0.2175  best=0.1770  R2=0.888
 Retrying in 1 seconds
 Retrying in 1 seconds
 Retrying in 1 seconds
 Retrying in 1 seconds
 Retrying in 1 seconds
       seq 35/60  err=0.2263  best=0.1770  R2=0.920
 Retrying in 1 seconds
 Retrying in 1 seconds
 Retrying in 1 seconds
 Retrying in 1 seconds
 Retrying in 1 seconds
       seq 40/60  err=0.2856  best=0.1770  R2=0.870
 Retrying in 1 seconds
 Retrying in 1 seconds
 Retrying in 1 seconds
 Retrying in 1 seconds
 Retrying in 1 seconds
       seq 45/60  err=0.2557  best=0.1770  R2=0.925
 Retrying in 1 seconds
 Retrying in 1 seconds
 Retrying in 1 seconds
 Retrying in 1 seconds
 Retrying in 1 seconds
       seq 50/60  err=0.3471  best=0.1770  R2=0.919
 Retrying in 1 seconds
 Retrying in 1 seconds
 Retrying in 1 seconds
 Retrying in 1 seconds
 Retrying in 1 seconds
       seq 55/60  err=0.2566  best=0.1770  R2=0.923
 Retrying in 1 seconds
 Retrying in 1 seconds
 Retrying in 1 seconds
 Retrying in 1 seconds
 Retrying in 1 seconds
       seq 60/60  err=0.3019  best=0.1770  R2=0.906
  Saved MLP ensemble: /Users/shuohe/Desktop/Codes/bf-sac-calibration/data/processed_data/calibration/mlp_models/YTDJ_mlp_h64-64_m10.joblib

  Calibrated params:
       accel          = 2.8884
       decel          = 5.9251
       sigma          = 0.8474
       tau            = 1.0823
       minGap         = 1.0951
       speedFactor    = 0.6773
       lcStrategic    = 1.2354
       lcCooperative  = 1.3122
       lcAssertive    = 0.9996
       lcSpeedGain    = 0.4148
  Feature error: 0.1770  (init best=0.2455)
  Total SUMO runs: 100  |  sequential improved: True
  [BF-SAC-MLP s=101] done in 825s
       BF-SAC-MLP                        err@100=0.1770  sims=100  seed=101

Saved: /Users/shuohe/Desktop/Codes/bf-sac-calibration/outputs/results/comparison_summary.csv (70 rows)
Saved: /Users/shuohe/Desktop/Codes/bf-sac-calibration/outputs/results/comparison_convergence.csv (7000 rows)
Multiseed: comparison_per_run.csv, comparison_multiseed_stats.csv, comparison_multiseed_global.csv
