========================================================================
BF-SAC ICTAI 对比实验
  mode: main
  场景: Tianjin
  方法: BF-SAC-MLP
  seeds: [404]
  预算: 100 次 SUMO / 方法 / seed
========================================================================

========================================================================
  Scene: Tianjin
========================================================================
  [BF-SAC-MLP s=404] running …
       [BF-SAC-MLP] n_init=40 seed=404 …

================================================================
  BF-SAC (sequential LCB): Tianjin  surrogate=mlp
  Budget=100  (init LHS=40, sequential=60)  run_seed=404
  LCB kappa=2.0→0.5 (anneal)  MLP m=10 subset=40 sigma_calib=1.2 warm_start=True
================================================================
[1/3] Extracting real behavioral fingerprint …
       v_mean         = 2.4858
       v_p15          = 0.0000
       v_p85          = 5.4165
       a_pos_mean     = 0.5579
       a_neg_mean     = 0.5065
       a_p05          = -0.7421
       a_p95          = 0.9963
       stop_frac      = 0.4086
[2/3] Phase A: 40 LHS initial runs …
 Retrying in 1 seconds
 Retrying in 1 seconds
 Retrying in 1 seconds
 Retrying in 1 seconds
 Retrying in 1 seconds
 Retrying in 1 seconds
 Retrying in 1 seconds
 Retrying in 1 seconds
 Retrying in 1 seconds
 Retrying in 1 seconds
        10/40  best=0.3632  elapsed=21s  ETA=62s
 Retrying in 1 seconds
 Retrying in 1 seconds
 Retrying in 1 seconds
 Retrying in 1 seconds
 Retrying in 1 seconds
 Retrying in 1 seconds
 Retrying in 1 seconds
 Retrying in 1 seconds
 Retrying in 1 seconds
 Retrying in 1 seconds
        20/40  best=0.2499  elapsed=42s  ETA=42s
 Retrying in 1 seconds
 Retrying in 1 seconds
 Retrying in 1 seconds
 Retrying in 1 seconds
 Retrying in 1 seconds
 Retrying in 1 seconds
 Retrying in 1 seconds
 Retrying in 1 seconds
 Retrying in 1 seconds
 Retrying in 1 seconds
        30/40  best=0.1906  elapsed=64s  ETA=21s
 Retrying in 1 seconds
 Retrying in 1 seconds
 Retrying in 1 seconds
 Retrying in 1 seconds
 Retrying in 1 seconds
 Retrying in 1 seconds
 Retrying in 1 seconds
 Retrying in 1 seconds
 Retrying in 1 seconds
 Retrying in 1 seconds
        40/40  best=0.1906  elapsed=83s  ETA=0s
[3/3] Phase B: 60 sequential LCB acquisitions …
 Retrying in 1 seconds
 Retrying in 1 seconds
 Retrying in 1 seconds
 Retrying in 1 seconds
 Retrying in 1 seconds
       seq  5/60  err=0.3368  best=0.1906  R2=0.976
 Retrying in 1 seconds
 Retrying in 1 seconds
 Retrying in 1 seconds
 Retrying in 1 seconds
 Retrying in 1 seconds
       seq 10/60  err=0.2025  best=0.1906  R2=0.991
 Retrying in 1 seconds
 Retrying in 1 seconds
 Retrying in 1 seconds
 Retrying in 1 seconds
 Retrying in 1 seconds
       seq 15/60  err=0.1611  best=0.1611  R2=0.983
 Retrying in 1 seconds
 Retrying in 1 seconds
 Retrying in 1 seconds
 Retrying in 1 seconds
 Retrying in 1 seconds
       seq 20/60  err=0.3544  best=0.1611  R2=0.987
 Retrying in 1 seconds
 Retrying in 1 seconds
 Retrying in 1 seconds
 Retrying in 1 seconds
 Retrying in 1 seconds
       seq 25/60  err=0.2447  best=0.1611  R2=0.971
 Retrying in 1 seconds
 Retrying in 1 seconds
 Retrying in 1 seconds
 Retrying in 1 seconds
 Retrying in 1 seconds
       seq 30/60  err=0.7010  best=0.1611  R2=0.980
 Retrying in 1 seconds
 Retrying in 1 seconds
 Retrying in 1 seconds
 Retrying in 1 seconds
 Retrying in 1 seconds
       seq 35/60  err=0.1931  best=0.1602  R2=0.956
 Retrying in 1 seconds
 Retrying in 1 seconds
 Retrying in 1 seconds
 Retrying in 1 seconds
 Retrying in 1 seconds
       seq 40/60  err=0.1751  best=0.1413  R2=0.940
 Retrying in 1 seconds
 Retrying in 1 seconds
 Retrying in 1 seconds
 Retrying in 1 seconds
 Retrying in 1 seconds
       seq 45/60  err=0.2401  best=0.1413  R2=0.949
 Retrying in 1 seconds
 Retrying in 1 seconds
 Retrying in 1 seconds
 Retrying in 1 seconds
 Retrying in 1 seconds
       seq 50/60  err=0.2391  best=0.1413  R2=0.946
 Retrying in 1 seconds
 Retrying in 1 seconds
 Retrying in 1 seconds
 Retrying in 1 seconds
 Retrying in 1 seconds
       seq 55/60  err=0.2517  best=0.1413  R2=0.933
 Retrying in 1 seconds
 Retrying in 1 seconds
 Retrying in 1 seconds
 Retrying in 1 seconds
 Retrying in 1 seconds
       seq 60/60  err=0.1740  best=0.1413  R2=0.926
  Saved MLP ensemble: /Users/shuohe/Desktop/Codes/bf-sac-calibration/data/processed_data/calibration/mlp_models/Tianjin_mlp_h64-64_m10.joblib

  Calibrated params:
       accel          = 1.0611
       decel          = 3.9418
       sigma          = 0.1269
       tau            = 1.6044
       minGap         = 1.3862
       speedFactor    = 0.5223
       lcStrategic    = 1.4070
       lcCooperative  = 0.7343
       lcAssertive    = 0.5142
       lcSpeedGain    = 2.6730
  Feature error: 0.1413  (init best=0.1906)
  Total SUMO runs: 100  |  sequential improved: True
  [BF-SAC-MLP s=404] done in 405s
       BF-SAC-MLP                        err@100=0.1413  sims=100  seed=404

Saved: /Users/shuohe/Desktop/Codes/bf-sac-calibration/outputs/results/comparison_summary.csv (10 rows)
Saved: /Users/shuohe/Desktop/Codes/bf-sac-calibration/outputs/results/comparison_convergence.csv (1000 rows)
Multiseed: comparison_per_run.csv, comparison_multiseed_stats.csv, comparison_multiseed_global.csv
