========================================================================
BF-SAC ICTAI 对比实验
  mode: main
  场景: RML
  方法: BF-SAC-RF
  seeds: [303]
  预算: 100 次 SUMO / 方法 / seed
========================================================================

========================================================================
  Scene: RML
========================================================================
  [BF-SAC-RF s=303] running …
       [BF-SAC-RF] n_init=40 seed=303 …

================================================================
  BF-SAC (sequential LCB): RML  surrogate=rf
  Budget=100  (init LHS=40, sequential=60)  run_seed=303
  LCB kappa=2.0→0.5 (anneal)
================================================================
[1/3] Extracting real behavioral fingerprint …
       v_mean         = 4.2547
       v_p15          = 2.7067
       v_p85          = 5.8847
       a_pos_mean     = 0.5192
       a_neg_mean     = 0.4726
       a_p05          = -0.8289
       a_p95          = 0.9442
       stop_frac      = 0.0046
[2/3] Phase A: 40 LHS initial runs …
 Retrying in 1 seconds
 Retrying in 1 seconds
 Retrying in 1 seconds
 Retrying in 1 seconds
 Retrying in 1 seconds
 Retrying in 1 seconds
 Retrying in 1 seconds
 Retrying in 1 seconds
 Retrying in 1 seconds
 Retrying in 1 seconds
        10/40  best=0.5342  elapsed=19s  ETA=56s
 Retrying in 1 seconds
 Retrying in 1 seconds
 Retrying in 1 seconds
 Retrying in 1 seconds
 Retrying in 1 seconds
 Retrying in 1 seconds
 Retrying in 1 seconds
 Retrying in 1 seconds
 Retrying in 1 seconds
 Retrying in 1 seconds
        20/40  best=0.5342  elapsed=36s  ETA=36s
 Retrying in 1 seconds
 Retrying in 1 seconds
 Retrying in 1 seconds
 Retrying in 1 seconds
 Retrying in 1 seconds
 Retrying in 1 seconds
 Retrying in 1 seconds
 Retrying in 1 seconds
 Retrying in 1 seconds
 Retrying in 1 seconds
        30/40  best=0.5342  elapsed=54s  ETA=18s
 Retrying in 1 seconds
 Retrying in 1 seconds
 Retrying in 1 seconds
 Retrying in 1 seconds
 Retrying in 1 seconds
 Retrying in 1 seconds
 Retrying in 1 seconds
 Retrying in 1 seconds
 Retrying in 1 seconds
 Retrying in 1 seconds
        40/40  best=0.5342  elapsed=70s  ETA=0s
[3/3] Phase B: 60 sequential LCB acquisitions …
 Retrying in 1 seconds
 Retrying in 1 seconds
 Retrying in 1 seconds
 Retrying in 1 seconds
 Retrying in 1 seconds
       seq  5/60  err=0.5805  best=0.5342  R2=0.954
 Retrying in 1 seconds
 Retrying in 1 seconds
 Retrying in 1 seconds
 Retrying in 1 seconds
 Retrying in 1 seconds
       seq 10/60  err=0.4802  best=0.4802  R2=0.963
 Retrying in 1 seconds
 Retrying in 1 seconds
 Retrying in 1 seconds
 Retrying in 1 seconds
 Retrying in 1 seconds
       seq 15/60  err=0.4933  best=0.4438  R2=0.969
 Retrying in 1 seconds
 Retrying in 1 seconds
 Retrying in 1 seconds
 Retrying in 1 seconds
 Retrying in 1 seconds
       seq 20/60  err=0.4347  best=0.4347  R2=0.972
 Retrying in 1 seconds
 Retrying in 1 seconds
 Retrying in 1 seconds
 Retrying in 1 seconds
 Retrying in 1 seconds
       seq 25/60  err=0.5257  best=0.4347  R2=0.971
 Retrying in 1 seconds
 Retrying in 1 seconds
 Retrying in 1 seconds
 Retrying in 1 seconds
 Retrying in 1 seconds
       seq 30/60  err=0.4175  best=0.4175  R2=0.973
 Retrying in 1 seconds
 Retrying in 1 seconds
 Retrying in 1 seconds
 Retrying in 1 seconds
 Retrying in 1 seconds
       seq 35/60  err=0.3984  best=0.3984  R2=0.975
 Retrying in 1 seconds
 Retrying in 1 seconds
 Retrying in 1 seconds
 Retrying in 1 seconds
 Retrying in 1 seconds
       seq 40/60  err=0.5521  best=0.3953  R2=0.976
 Retrying in 1 seconds
 Retrying in 1 seconds
 Retrying in 1 seconds
 Retrying in 1 seconds
 Retrying in 1 seconds
       seq 45/60  err=0.3971  best=0.3953  R2=0.975
 Retrying in 1 seconds
 Retrying in 1 seconds
 Retrying in 1 seconds
 Retrying in 1 seconds
 Retrying in 1 seconds
       seq 50/60  err=0.4728  best=0.3953  R2=0.976
 Retrying in 1 seconds
 Retrying in 1 seconds
 Retrying in 1 seconds
 Retrying in 1 seconds
 Retrying in 1 seconds
       seq 55/60  err=0.4835  best=0.3953  R2=0.978
 Retrying in 1 seconds
 Retrying in 1 seconds
 Retrying in 1 seconds
 Retrying in 1 seconds
 Retrying in 1 seconds
       seq 60/60  err=0.4498  best=0.3953  R2=0.977

  Calibrated params:
       accel          = 1.0000
       decel          = 3.7287
       sigma          = 0.1971
       tau            = 0.6595
       minGap         = 3.0660
       speedFactor    = 0.5000
       lcStrategic    = 1.5077
       lcCooperative  = 1.1555
       lcAssertive    = 2.3583
       lcSpeedGain    = 2.8000
  Feature error: 0.3953  (init best=0.5342)
  Total SUMO runs: 100  |  sequential improved: True
  [BF-SAC-RF s=303] done in 275s
       BF-SAC-RF                         err@100=0.3953  sims=100  seed=303

Saved: /Users/shuohe/Desktop/Codes/bf-sac-calibration/outputs/results/comparison_summary.csv (82 rows)
Saved: /Users/shuohe/Desktop/Codes/bf-sac-calibration/outputs/results/comparison_convergence.csv (8200 rows)
Multiseed: comparison_per_run.csv, comparison_multiseed_stats.csv, comparison_multiseed_global.csv
