========================================================================
BF-SAC ICTAI 对比实验
  mode: main
  场景: YTDJ
  方法: BF-SAC-MLP
  seeds: [202]
  预算: 100 次 SUMO / 方法 / seed
========================================================================

========================================================================
  Scene: YTDJ
========================================================================
  [BF-SAC-MLP s=202] running …
       [BF-SAC-MLP] n_init=40 seed=202 …

================================================================
  BF-SAC (sequential LCB): YTDJ  surrogate=mlp
  Budget=100  (init LHS=40, sequential=60)  run_seed=202
  LCB kappa=2.0→0.5 (anneal)  MLP m=10 subset=40 sigma_calib=1.2 warm_start=True
================================================================
[1/3] Extracting real behavioral fingerprint …
       v_mean         = 6.6646
       v_p15          = 2.6778
       v_p85          = 10.9972
       a_pos_mean     = 1.5039
       a_neg_mean     = 1.3995
       a_p05          = -2.2900
       a_p95          = 2.2900
       stop_frac      = 0.0135
[2/3] Phase A: 40 LHS initial runs …
 Retrying in 1 seconds
 Retrying in 1 seconds
 Retrying in 1 seconds
 Retrying in 1 seconds
 Retrying in 1 seconds
 Retrying in 1 seconds
 Retrying in 1 seconds
 Retrying in 1 seconds
 Retrying in 1 seconds
 Retrying in 1 seconds
        10/40  best=0.3421  elapsed=36s  ETA=109s
 Retrying in 1 seconds
 Retrying in 1 seconds
 Retrying in 1 seconds
 Retrying in 1 seconds
 Retrying in 1 seconds
 Retrying in 1 seconds
 Retrying in 1 seconds
 Retrying in 1 seconds
 Retrying in 1 seconds
 Retrying in 1 seconds
        20/40  best=0.3348  elapsed=71s  ETA=71s
 Retrying in 1 seconds
 Retrying in 1 seconds
 Retrying in 1 seconds
 Retrying in 1 seconds
 Retrying in 1 seconds
 Retrying in 1 seconds
 Retrying in 1 seconds
 Retrying in 1 seconds
 Retrying in 1 seconds
 Retrying in 1 seconds
        30/40  best=0.2852  elapsed=107s  ETA=36s
 Retrying in 1 seconds
 Retrying in 1 seconds
 Retrying in 1 seconds
 Retrying in 1 seconds
 Retrying in 1 seconds
 Retrying in 1 seconds
 Retrying in 1 seconds
 Retrying in 1 seconds
 Retrying in 1 seconds
 Retrying in 1 seconds
        40/40  best=0.2129  elapsed=141s  ETA=0s
[3/3] Phase B: 60 sequential LCB acquisitions …
 Retrying in 1 seconds
 Retrying in 1 seconds
 Retrying in 1 seconds
 Retrying in 1 seconds
 Retrying in 1 seconds
       seq  5/60  err=0.2981  best=0.1792  R2=0.908
 Retrying in 1 seconds
 Retrying in 1 seconds
 Retrying in 1 seconds
 Retrying in 1 seconds
 Retrying in 1 seconds
       seq 10/60  err=0.2576  best=0.1792  R2=0.904
 Retrying in 1 seconds
 Retrying in 1 seconds
 Retrying in 1 seconds
 Retrying in 1 seconds
 Retrying in 1 seconds
       seq 15/60  err=0.3153  best=0.1792  R2=0.929
 Retrying in 1 seconds
 Retrying in 1 seconds
 Retrying in 1 seconds
 Retrying in 1 seconds
 Retrying in 1 seconds
       seq 20/60  err=0.3843  best=0.1792  R2=0.939
 Retrying in 1 seconds
 Retrying in 1 seconds
 Retrying in 1 seconds
 Retrying in 1 seconds
 Retrying in 1 seconds
       seq 25/60  err=0.2294  best=0.1792  R2=0.922
 Retrying in 1 seconds
 Retrying in 1 seconds
 Retrying in 1 seconds
 Retrying in 1 seconds
 Retrying in 1 seconds
       seq 30/60  err=0.3376  best=0.1792  R2=0.936
 Retrying in 1 seconds
 Retrying in 1 seconds
 Retrying in 1 seconds
 Retrying in 1 seconds
 Retrying in 1 seconds
       seq 35/60  err=0.3159  best=0.1792  R2=0.900
 Retrying in 1 seconds
 Retrying in 1 seconds
 Retrying in 1 seconds
 Retrying in 1 seconds
 Retrying in 1 seconds
       seq 40/60  err=0.2253  best=0.1792  R2=0.896
 Retrying in 1 seconds
 Retrying in 1 seconds
 Retrying in 1 seconds
 Retrying in 1 seconds
 Retrying in 1 seconds
       seq 45/60  err=0.2490  best=0.1752  R2=0.914
 Retrying in 1 seconds
 Retrying in 1 seconds
 Retrying in 1 seconds
 Retrying in 1 seconds
 Retrying in 1 seconds
       seq 50/60  err=0.1880  best=0.1752  R2=0.900
 Retrying in 1 seconds
 Retrying in 1 seconds
 Retrying in 1 seconds
 Retrying in 1 seconds
 Retrying in 1 seconds
       seq 55/60  err=0.2299  best=0.1752  R2=0.852
 Retrying in 1 seconds
 Retrying in 1 seconds
 Retrying in 1 seconds
 Retrying in 1 seconds
 Retrying in 1 seconds
       seq 60/60  err=0.2587  best=0.1752  R2=0.910
  Saved MLP ensemble: /Users/shuohe/Desktop/Codes/bf-sac-calibration/data/processed_data/calibration/mlp_models/YTDJ_mlp_h64-64_m10.joblib

  Calibrated params:
       accel          = 3.1701
       decel          = 2.3612
       sigma          = 0.7610
       tau            = 0.5000
       minGap         = 3.3275
       speedFactor    = 0.5000
       lcStrategic    = 2.3030
       lcCooperative  = 1.5029
       lcAssertive    = 0.3500
       lcSpeedGain    = 0.3500
  Feature error: 0.1752  (init best=0.2129)
  Total SUMO runs: 100  |  sequential improved: True
  [BF-SAC-MLP s=202] done in 825s
       BF-SAC-MLP                        err@100=0.1752  sims=100  seed=202

Saved: /Users/shuohe/Desktop/Codes/bf-sac-calibration/outputs/results/comparison_summary.csv (72 rows)
Saved: /Users/shuohe/Desktop/Codes/bf-sac-calibration/outputs/results/comparison_convergence.csv (7200 rows)
Multiseed: comparison_per_run.csv, comparison_multiseed_stats.csv, comparison_multiseed_global.csv
